// Jest Snapshot v1, https://goo.gl/fbAQLP

exports[`matches snapshot 1`] = `
<div
  id="logo-container"
>
  <img
    alt="Melody Mapper Logo"
    className="melody_logo"
    data-testid="melody-logo"
    height="80"
    id="logo"
    src="melody_logo.png"
    style={
      Object {
        "margin": "1rem",
      }
    }
  />
</div>
`;
