// Jest Snapshot v1, https://goo.gl/fbAQLP

exports[`matches snapshot 1`] = `
<div
  data-testid="upload"
  id="upload"
  style={
    Object {
      "padding": "1rem",
    }
  }
>
  <h3
    data-testid="upload-heading"
    id="upload-heading"
  >
    Upload & Convert
  </h3>
  <div>
    <input
      accept=".mp3, .m4a, .wav, .webm"
      hidden={true}
      onChange={[Function]}
      type="file"
    />
    <button
      className="btn btn-secondary"
      data-testid="choose-file-button"
      disabled={false}
      id="choose-file-button"
      onClick={[Function]}
      type="button"
    >
      Choose File
    </button>
  </div>
  <p
    data-testid="file-format-label"
    id="file-format-label"
  >
    Accepted file upload formats:
  </p>
  <ul
    data-testid="accepted-file-formats-list"
    id="accepted-file-formats-list"
  >
    <li>
      .mp3
    </li>
    <li>
      .webm
    </li>
    <li>
      .m4a
    </li>
    <li>
      .wav
    </li>
  </ul>
</div>
`;
